// Jest Snapshot v1, https://goo.gl/fbAQLP

exports[`TableGameGrid snapshot 1`] = `
<table
  className=" w-72 table-fixed"
>
  <tbody>
    <tr>
      <td
        className="h-NaN w-NaN border bg-white hover:bg-red-400"
        data-testid="(0,0)"
        onClick={[Function]}
      />
      <td
        className="h-NaN w-NaN border bg-white hover:bg-red-400"
        data-testid="(1,0)"
        onClick={[Function]}
      />
      <td
        className="h-NaN w-NaN border bg-white hover:bg-red-400"
        data-testid="(2,0)"
        onClick={[Function]}
      />
      <td
        className="h-NaN w-NaN border bg-white hover:bg-red-400"
        data-testid="(3,0)"
        onClick={[Function]}
      />
      <td
        className="h-NaN w-NaN border bg-white hover:bg-red-400"
        data-testid="(4,0)"
        onClick={[Function]}
      />
    </tr>
    <tr>
      <td
        className="h-NaN w-NaN border bg-white hover:bg-red-400"
        data-testid="(0,1)"
        onClick={[Function]}
      />
      <td
        className="h-NaN w-NaN border bg-white hover:bg-red-400"
        data-testid="(1,1)"
        onClick={[Function]}
      />
      <td
        className="h-NaN w-NaN border bg-black hover:bg-red-800"
        data-testid="(2,1)"
        onClick={[Function]}
      />
      <td
        className="h-NaN w-NaN border bg-white hover:bg-red-400"
        data-testid="(3,1)"
        onClick={[Function]}
      />
      <td
        className="h-NaN w-NaN border bg-white hover:bg-red-400"
        data-testid="(4,1)"
        onClick={[Function]}
      />
    </tr>
    <tr>
      <td
        className="h-NaN w-NaN border bg-white hover:bg-red-400"
        data-testid="(0,2)"
        onClick={[Function]}
      />
      <td
        className="h-NaN w-NaN border bg-white hover:bg-red-400"
        data-testid="(1,2)"
        onClick={[Function]}
      />
      <td
        className="h-NaN w-NaN border bg-white hover:bg-red-400"
        data-testid="(2,2)"
        onClick={[Function]}
      />
      <td
        className="h-NaN w-NaN border bg-black hover:bg-red-800"
        data-testid="(3,2)"
        onClick={[Function]}
      />
      <td
        className="h-NaN w-NaN border bg-black hover:bg-red-800"
        data-testid="(4,2)"
        onClick={[Function]}
      />
    </tr>
    <tr>
      <td
        className="h-NaN w-NaN border bg-white hover:bg-red-400"
        data-testid="(0,3)"
        onClick={[Function]}
      />
      <td
        className="h-NaN w-NaN border bg-white hover:bg-red-400"
        data-testid="(1,3)"
        onClick={[Function]}
      />
      <td
        className="h-NaN w-NaN border bg-black hover:bg-red-800"
        data-testid="(2,3)"
        onClick={[Function]}
      />
      <td
        className="h-NaN w-NaN border bg-black hover:bg-red-800"
        data-testid="(3,3)"
        onClick={[Function]}
      />
      <td
        className="h-NaN w-NaN border bg-white hover:bg-red-400"
        data-testid="(4,3)"
        onClick={[Function]}
      />
    </tr>
  </tbody>
</table>
`;
